%%info_test_name{D:/github/International/Canada/report/customer/invoice/test/ch.banana.ca.invoice.canada02.test.js}
%%info_test_app{Banana90}{9.0.2}
%%info_test_os{Windows 10 (10.0)}
%%info_test_qt{5.9.2}
%%info_test_date{2018-02-14}{08:49:22.129}
\documentclass{report}
\usepackage{color}
\usepackage{adjustbox}
\usepackage[margin=1cm]{geometry}
\begin{document}
\newenvironment{tablevalue}[2]
   {\textbf{Table: #1}\\\begin{adjustbox}{max width=\textwidth}\tabular{#2}}
   {\endtabular\end{adjustbox}}
\newenvironment{reportvalue}[1]{\textbf{Report: #1}\\}{\\}
\newcommand{\info}[2]{\textit{#1: #2}\\}
\newcommand{\fatalerror}[1]{\textbf{\textcolor[rgb]{1,0,0}{Fatal error: #1}}\\}
\newcommand{\keyvalue}[2]{\textbf{Keyvalue: #1} #2\\}
\newcommand{\excltest}[1]{\\Excluded from compare: #1}
\newenvironment{testcase}[1]{\section*{Test: #1}}{\newpage}
\newenvironment{test}[1]{\section*{Test case: #1}}{}
%Begin test data
\begin{testcase}{ReportCustomerInvoiceCanada01}
\begin{test}{test1}
\keyvalue{Result}{Passed}
%%info_test_time_elapsed{00:00:00.000}
\end{test}
\begin{test}{test2}
\keyvalue{Result}{Passed}
%%info_test_time_elapsed{00:00:00.000}
\end{test}
\begin{test}{testReport}
%Test ch.banana.ca.invoice.canada01.js
\section{Invoice tests}
\subsection{Test Invoice 36}
\begin{reportvalue}{Test Invoice 36}
\begin{tabular}{ l  l }
Banana.ch SA  & INVOICE \\
\end{tabular}
\begin{tabular}{ l  l  l }
Via Trevano 7a  \\
Lugano, Ticino 6900 Switzerland   \\
 & DATE: \\
INVOICE #: \\
PAYMENT: \\
 & 29.01.2018 \\
36 \\
Net 30 Days \\
\\
\end{tabular}
\begin{tabular}{ l  l  l }
\multicolumn{3}{l}{  \\
Bill To: \\
  \\
}\\
Marco Alberti \\
V. CampurÃ©ta 40 \\
Novazzano, Ticino 6883 \\
Switzerland \\
 & Phone: \\
Fax: \\
Email: \\
Website: \\
 & 416-417-6521 \\
416-417-8846 \\
info@banana.ch \\
www.robertbrennanaccountant.ca \\
\\
\end{tabular}
\begin{tabular}{}
\end{tabular}
\begin{tabular}{ l  l  l }
FOR THE FOLLOWING PROFESSIONAL SERVICES RENDERED  & \multicolumn{2}{l}{AMOUNT }\\
Preparation of unaudited financial statements and corporate income tax return for the year ended Oct 31, 2017 \\
\\
 & $  & 1'000.00 \\
 & \multicolumn{2}{l}{}\\
 & \multicolumn{2}{l}{}\\
 & \multicolumn{2}{l}{}\\
 & \multicolumn{2}{l}{}\\
 & \multicolumn{2}{l}{}\\
 & \multicolumn{2}{l}{}\\
SUBTOTAL  & $  & 1'000.00 \\
HST # 867136624RP0001  & $  & 130.00 \\
INVOICE TOTAL  & $  & 1'130.00 \\
LESS RECEIVED ON ACCOUNT  &  & \\
BALANCE DUE  & $  & 1'130.00 \\
\end{tabular}

\end{reportvalue}
\keyvalue{Result}{Passed}
%%info_test_time_elapsed{00:00:00.297}
\end{test}
%%info_test_time_elapsed{00:00:00.297}
\end{testcase}
%%info_test_time_elapsed{00:00:00.547}
\end{document}
